Host is      : HOST_A
Host type    : DuplexHost
start_tick   : 0

[tick=0] [HOST_A] TX bit=0
[tick=100] [HOST_A] TX bit=1
[tick=200] [HOST_A] TX bit=0
[tick=300] [HOST_A] TX bit=0
[tick=400] [HOST_A] TX bit=1
[tick=500] [HOST_A] TX bit=0
[tick=600] [HOST_A] TX bit=0
[tick=700] [HOST_A] TX bit=0
[tick=800] [HOST_A] TX bit=0
[tick=900] [HOST_A] TX bit=0
[tick=1000] [HOST_A] TX bit=1
[tick=1100] [HOST_A] TX bit=0
[tick=1200] [HOST_A] TX bit=1
[tick=1300] [HOST_A] TX bit=0
[tick=1400] [HOST_A] TX bit=1
[tick=1500] [HOST_A] TX bit=0
[tick=1600] [HOST_A] RX bit=0
[tick=1700] [HOST_A] RX bit=1
[tick=1800] [HOST_A] RX bit=0
[tick=1900] [HOST_A] RX bit=1
[tick=2000] [HOST_A] RX bit=0
[tick=2100] [HOST_A] RX bit=1
[tick=2200] [HOST_A] RX bit=0
[tick=2300] [HOST_A] RX bit=0
[tick=2400] [HOST_A] RX bit=0
[tick=2500] [HOST_A] RX bit=0
[tick=2600] [HOST_A] RX bit=0
[tick=2700] [HOST_A] RX bit=0
[tick=2800] [HOST_A] RX bit=1
[tick=2900] [HOST_A] RX bit=0
[tick=3000] [HOST_A] RX bit=1
[tick=3100] [HOST_A] RX bit=0
[tick=3100] [HOST_A] RX complete frame=0101000000101010
[tick=3100] [HOST_A] received NACK for segment 1; retransmitting
[tick=3200] [HOST_A] TX bit=0
[tick=3300] [HOST_A] TX bit=1
[tick=3400] [HOST_A] TX bit=0
[tick=3500] [HOST_A] TX bit=0
[tick=3600] [HOST_A] TX bit=1
[tick=3700] [HOST_A] TX bit=0
[tick=3800] [HOST_A] TX bit=0
[tick=3900] [HOST_A] TX bit=0
[tick=4000] [HOST_A] TX bit=0
[tick=4100] [HOST_A] TX bit=0
[tick=4200] [HOST_A] TX bit=1
[tick=4300] [HOST_A] TX bit=0
[tick=4400] [HOST_A] TX bit=1
[tick=4500] [HOST_A] TX bit=0
[tick=4600] [HOST_A] TX bit=1
[tick=4700] [HOST_A] TX bit=0
[tick=4800] [HOST_A] RX bit=0
[tick=4900] [HOST_A] RX bit=1
[tick=5000] [HOST_A] RX bit=0
[tick=5100] [HOST_A] RX bit=False
[tick=5200] [HOST_A] RX bit=0
[tick=5300] [HOST_A] RX bit=1
[tick=5400] [HOST_A] RX bit=0
[tick=5500] [HOST_A] RX bit=0
[tick=5600] [HOST_A] RX bit=0
[tick=5700] [HOST_A] RX bit=0
[tick=5800] [HOST_A] RX bit=0
[tick=5900] [HOST_A] RX bit=0
[tick=6000] [HOST_A] RX bit=1
[tick=6100] [HOST_A] RX bit=0
[tick=6200] [HOST_A] RX bit=1
[tick=6300] [HOST_A] RX bit=0
[tick=6300] [HOST_A] RX complete frame=0101000000100010
[tick=6300] [HOST_A] received corrupt ACK/NACK (status=PE); retransmitting segment 1
[tick=6400] [HOST_A] TX bit=0
[tick=6500] [HOST_A] TX bit=1
[tick=6600] [HOST_A] TX bit=0
[tick=6700] [HOST_A] TX bit=0
[tick=6800] [HOST_A] TX bit=1
[tick=6900] [HOST_A] TX bit=0
[tick=7000] [HOST_A] TX bit=0
[tick=7100] [HOST_A] TX bit=0
[tick=7200] [HOST_A] TX bit=0
[tick=7300] [HOST_A] TX bit=0
[tick=7400] [HOST_A] TX bit=1
[tick=7500] [HOST_A] TX bit=0
[tick=7600] [HOST_A] TX bit=1
[tick=7700] [HOST_A] TX bit=0
[tick=7800] [HOST_A] TX bit=1
[tick=7900] [HOST_A] TX bit=0
[tick=8000] [HOST_A] RX bit=0
[tick=8100] [HOST_A] RX bit=1
[tick=8200] [HOST_A] RX bit=0
[tick=8300] [HOST_A] RX bit=1
[tick=8400] [HOST_A] RX bit=1
[tick=8500] [HOST_A] RX bit=0
[tick=8600] [HOST_A] RX bit=0
[tick=8700] [HOST_A] RX bit=0
[tick=8800] [HOST_A] RX bit=0
[tick=8900] [HOST_A] RX bit=0
[tick=9000] [HOST_A] RX bit=0
[tick=9100] [HOST_A] RX bit=0
[tick=9200] [HOST_A] RX bit=1
[tick=9300] [HOST_A] RX bit=0
[tick=9400] [HOST_A] RX bit=1
[tick=9500] [HOST_A] RX bit=0
[tick=9500] [HOST_A] RX complete frame=0101000000011010
[tick=9500] [HOST_A] received ACK for segment 1
[tick=9600] [HOST_A] TX bit=0
[tick=9700] [HOST_A] TX bit=1
[tick=9800] [HOST_A] TX bit=0
[tick=9900] [HOST_A] TX bit=1
[tick=10000] [HOST_A] TX bit=0
[tick=10100] [HOST_A] TX bit=1
[tick=10200] [HOST_A] TX bit=1
[tick=10300] [HOST_A] TX bit=1
[tick=10400] [HOST_A] TX bit=0
[tick=10500] [HOST_A] TX bit=1
[tick=10600] [HOST_A] TX bit=1
[tick=10700] [HOST_A] TX bit=0
[tick=10800] [HOST_A] TX bit=1
[tick=10900] [HOST_A] TX bit=0
[tick=11000] [HOST_A] TX bit=1
[tick=11100] [HOST_A] TX bit=0
[tick=11200] [HOST_A] RX bit=0
[tick=11300] [HOST_A] RX bit=1
[tick=11400] [HOST_A] RX bit=0
[tick=11500] [HOST_A] RX bit=1
[tick=11600] [HOST_A] RX bit=1
[tick=11700] [HOST_A] RX bit=0
[tick=11800] [HOST_A] RX bit=0
[tick=11900] [HOST_A] RX bit=0
[tick=12000] [HOST_A] RX bit=0
[tick=12100] [HOST_A] RX bit=0
[tick=12200] [HOST_A] RX bit=0
[tick=12300] [HOST_A] RX bit=0
[tick=12400] [HOST_A] RX bit=1
[tick=12500] [HOST_A] RX bit=0
[tick=12600] [HOST_A] RX bit=1
[tick=12700] [HOST_A] RX bit=0
[tick=12700] [HOST_A] RX complete frame=0101000000011010
[tick=12700] [HOST_A] received ACK for segment 2
[tick=12800] [HOST_A] TX bit=0
[tick=12900] [HOST_A] TX bit=1
[tick=13000] [HOST_A] TX bit=0
[tick=13100] [HOST_A] TX bit=0
[tick=13200] [HOST_A] TX bit=1
[tick=13300] [HOST_A] TX bit=0
[tick=13400] [HOST_A] TX bit=1
[tick=13500] [HOST_A] TX bit=1
[tick=13600] [HOST_A] TX bit=0
[tick=13700] [HOST_A] TX bit=1
[tick=13800] [HOST_A] TX bit=0
[tick=13900] [HOST_A] TX bit=0
[tick=14000] [HOST_A] TX bit=1
[tick=14100] [HOST_A] TX bit=0
[tick=14200] [HOST_A] TX bit=1
[tick=14300] [HOST_A] TX bit=0
[tick=14400] [HOST_A] RX bit=0
[tick=14500] [HOST_A] RX bit=1
[tick=14600] [HOST_A] RX bit=0
[tick=14700] [HOST_A] RX bit=1
[tick=14800] [HOST_A] RX bit=1
[tick=14900] [HOST_A] RX bit=0
[tick=15000] [HOST_A] RX bit=True
[tick=15100] [HOST_A] RX bit=True
[tick=15200] [HOST_A] RX bit=0
[tick=15300] [HOST_A] RX bit=0
[tick=15400] [HOST_A] RX bit=0
[tick=15500] [HOST_A] RX bit=0
[tick=15600] [HOST_A] RX bit=1
[tick=15700] [HOST_A] RX bit=0
[tick=15800] [HOST_A] RX bit=1
[tick=15900] [HOST_A] RX bit=0
[tick=15900] [HOST_A] RX complete frame=0101000011011010
[tick=15900] [HOST_A] received unknown feedback 13; retransmitting segment 3
[tick=16000] [HOST_A] TX bit=0
[tick=16100] [HOST_A] TX bit=1
[tick=16200] [HOST_A] TX bit=0
[tick=16300] [HOST_A] TX bit=0
[tick=16400] [HOST_A] TX bit=1
[tick=16500] [HOST_A] TX bit=0
[tick=16600] [HOST_A] TX bit=1
[tick=16700] [HOST_A] TX bit=1
[tick=16800] [HOST_A] TX bit=0
[tick=16900] [HOST_A] TX bit=1
[tick=17000] [HOST_A] TX bit=0
[tick=17100] [HOST_A] TX bit=0
[tick=17200] [HOST_A] TX bit=1
[tick=17300] [HOST_A] TX bit=0
[tick=17400] [HOST_A] TX bit=1
[tick=17500] [HOST_A] TX bit=0
[tick=17600] [HOST_A] RX bit=0
[tick=17700] [HOST_A] RX bit=1
[tick=17800] [HOST_A] RX bit=0
[tick=17900] [HOST_A] RX bit=1
[tick=18000] [HOST_A] RX bit=0
[tick=18100] [HOST_A] RX bit=1
[tick=18200] [HOST_A] RX bit=0
[tick=18300] [HOST_A] RX bit=0
[tick=18400] [HOST_A] RX bit=0
[tick=18500] [HOST_A] RX bit=0
[tick=18600] [HOST_A] RX bit=0
[tick=18700] [HOST_A] RX bit=0
[tick=18800] [HOST_A] RX bit=1
[tick=18900] [HOST_A] RX bit=0
[tick=19000] [HOST_A] RX bit=1
[tick=19100] [HOST_A] RX bit=0
[tick=19100] [HOST_A] RX complete frame=0101000000101010
[tick=19100] [HOST_A] received NACK for segment 3; retransmitting
[tick=19200] [HOST_A] TX bit=0
[tick=19300] [HOST_A] TX bit=1
[tick=19400] [HOST_A] TX bit=0
[tick=19500] [HOST_A] TX bit=0
[tick=19600] [HOST_A] TX bit=1
[tick=19700] [HOST_A] TX bit=0
[tick=19800] [HOST_A] TX bit=1
[tick=19900] [HOST_A] TX bit=1
[tick=20000] [HOST_A] TX bit=0
[tick=20100] [HOST_A] TX bit=1
[tick=20200] [HOST_A] TX bit=0
[tick=20300] [HOST_A] TX bit=0
[tick=20400] [HOST_A] TX bit=1
[tick=20500] [HOST_A] TX bit=0
[tick=20600] [HOST_A] TX bit=1
[tick=20700] [HOST_A] TX bit=0
[tick=20800] [HOST_A] RX bit=0
[tick=20900] [HOST_A] RX bit=1
[tick=21000] [HOST_A] RX bit=0
[tick=21100] [HOST_A] RX bit=1
[tick=21200] [HOST_A] RX bit=0
[tick=21300] [HOST_A] RX bit=1
[tick=21400] [HOST_A] RX bit=True
[tick=21500] [HOST_A] RX bit=0
[tick=21600] [HOST_A] RX bit=0
[tick=21700] [HOST_A] RX bit=0
[tick=21800] [HOST_A] RX bit=0
[tick=21900] [HOST_A] RX bit=0
[tick=22000] [HOST_A] RX bit=1
[tick=22100] [HOST_A] RX bit=0
[tick=22200] [HOST_A] RX bit=1
[tick=22300] [HOST_A] RX bit=0
[tick=22300] [HOST_A] RX complete frame=0101000001101010
[tick=22300] [HOST_A] received corrupt ACK/NACK (status=PE); retransmitting segment 3
[tick=22400] [HOST_A] TX bit=0
[tick=22500] [HOST_A] TX bit=1
[tick=22600] [HOST_A] TX bit=0
[tick=22700] [HOST_A] TX bit=0
[tick=22800] [HOST_A] TX bit=1
[tick=22900] [HOST_A] TX bit=0
[tick=23000] [HOST_A] TX bit=1
[tick=23100] [HOST_A] TX bit=1
[tick=23200] [HOST_A] TX bit=0
[tick=23300] [HOST_A] TX bit=1
[tick=23400] [HOST_A] TX bit=0
[tick=23500] [HOST_A] TX bit=0
[tick=23600] [HOST_A] TX bit=1
[tick=23700] [HOST_A] TX bit=0
[tick=23800] [HOST_A] TX bit=1
[tick=23900] [HOST_A] TX bit=0
[tick=24000] [HOST_A] RX bit=0
[tick=24100] [HOST_A] RX bit=1
[tick=24200] [HOST_A] RX bit=0
[tick=24300] [HOST_A] RX bit=1
[tick=24400] [HOST_A] RX bit=1
[tick=24500] [HOST_A] RX bit=0
[tick=24600] [HOST_A] RX bit=0
[tick=24700] [HOST_A] RX bit=0
[tick=24800] [HOST_A] RX bit=0
[tick=24900] [HOST_A] RX bit=0
[tick=25000] [HOST_A] RX bit=0
[tick=25100] [HOST_A] RX bit=0
[tick=25200] [HOST_A] RX bit=1
[tick=25300] [HOST_A] RX bit=0
[tick=25400] [HOST_A] RX bit=1
[tick=25500] [HOST_A] RX bit=0
[tick=25500] [HOST_A] RX complete frame=0101000000011010
[tick=25500] [HOST_A] received ACK for segment 3
[tick=25600] [HOST_A] TX bit=0
[tick=25700] [HOST_A] TX bit=1
[tick=25800] [HOST_A] TX bit=0
[tick=25900] [HOST_A] TX bit=0
[tick=26000] [HOST_A] TX bit=1
[tick=26100] [HOST_A] TX bit=0
[tick=26200] [HOST_A] TX bit=0
[tick=26300] [HOST_A] TX bit=0
[tick=26400] [HOST_A] TX bit=0
[tick=26500] [HOST_A] TX bit=0
[tick=26600] [HOST_A] TX bit=1
[tick=26700] [HOST_A] TX bit=0
[tick=26800] [HOST_A] TX bit=1
[tick=26900] [HOST_A] TX bit=0
[tick=27000] [HOST_A] TX bit=1
[tick=27100] [HOST_A] TX bit=0
[tick=27200] [HOST_A] RX bit=0
[tick=27300] [HOST_A] RX bit=1
[tick=27400] [HOST_A] RX bit=0
[tick=27500] [HOST_A] RX bit=1
[tick=27600] [HOST_A] RX bit=0
[tick=27700] [HOST_A] RX bit=1
[tick=27800] [HOST_A] RX bit=0
[tick=27900] [HOST_A] RX bit=0
[tick=28000] [HOST_A] RX bit=0
[tick=28100] [HOST_A] RX bit=0
[tick=28200] [HOST_A] RX bit=0
[tick=28300] [HOST_A] RX bit=0
[tick=28400] [HOST_A] RX bit=1
[tick=28500] [HOST_A] RX bit=0
[tick=28600] [HOST_A] RX bit=1
[tick=28700] [HOST_A] RX bit=0
[tick=28700] [HOST_A] RX complete frame=0101000000101010
[tick=28700] [HOST_A] received NACK for segment 4; retransmitting
[tick=28800] [HOST_A] TX bit=0
[tick=28900] [HOST_A] TX bit=1
[tick=29000] [HOST_A] TX bit=0
[tick=29100] [HOST_A] TX bit=0
[tick=29200] [HOST_A] TX bit=1
[tick=29300] [HOST_A] TX bit=0
[tick=29400] [HOST_A] TX bit=0
[tick=29500] [HOST_A] TX bit=0
[tick=29600] [HOST_A] TX bit=0
[tick=29700] [HOST_A] TX bit=0
[tick=29800] [HOST_A] TX bit=1
[tick=29900] [HOST_A] TX bit=0
[tick=30000] [HOST_A] TX bit=1
[tick=30100] [HOST_A] TX bit=0
[tick=30200] [HOST_A] TX bit=1
[tick=30300] [HOST_A] TX bit=0
[tick=30400] [HOST_A] RX bit=0
[tick=30500] [HOST_A] RX bit=1
[tick=30600] [HOST_A] RX bit=0
[tick=30700] [HOST_A] RX bit=1
[tick=30800] [HOST_A] RX bit=0
[tick=30900] [HOST_A] RX bit=False
[tick=31000] [HOST_A] RX bit=0
[tick=31100] [HOST_A] RX bit=0
[tick=31200] [HOST_A] RX bit=0
[tick=31300] [HOST_A] RX bit=0
[tick=31400] [HOST_A] RX bit=0
[tick=31500] [HOST_A] RX bit=0
[tick=31600] [HOST_A] RX bit=1
[tick=31700] [HOST_A] RX bit=0
[tick=31800] [HOST_A] RX bit=1
[tick=31900] [HOST_A] RX bit=0
[tick=31900] [HOST_A] RX complete frame=0101000000001010
[tick=31900] [HOST_A] received corrupt ACK/NACK (status=PE); retransmitting segment 4
[tick=32000] [HOST_A] TX bit=0
[tick=32100] [HOST_A] TX bit=1
[tick=32200] [HOST_A] TX bit=0
[tick=32300] [HOST_A] TX bit=0
[tick=32400] [HOST_A] TX bit=1
[tick=32500] [HOST_A] TX bit=0
[tick=32600] [HOST_A] TX bit=0
[tick=32700] [HOST_A] TX bit=0
[tick=32800] [HOST_A] TX bit=0
[tick=32900] [HOST_A] TX bit=0
[tick=33000] [HOST_A] TX bit=1
[tick=33100] [HOST_A] TX bit=0
[tick=33200] [HOST_A] TX bit=1
[tick=33300] [HOST_A] TX bit=0
[tick=33400] [HOST_A] TX bit=1
[tick=33500] [HOST_A] TX bit=0
[tick=33600] [HOST_A] RX bit=0
[tick=33700] [HOST_A] RX bit=1
[tick=33800] [HOST_A] RX bit=0
[tick=33900] [HOST_A] RX bit=1
[tick=34000] [HOST_A] RX bit=False
[tick=34100] [HOST_A] RX bit=0
[tick=34200] [HOST_A] RX bit=0
[tick=34300] [HOST_A] RX bit=0
[tick=34400] [HOST_A] RX bit=0
[tick=34500] [HOST_A] RX bit=0
[tick=34600] [HOST_A] RX bit=0
[tick=34700] [HOST_A] RX bit=0
[tick=34800] [HOST_A] RX bit=1
[tick=34900] [HOST_A] RX bit=0
[tick=35000] [HOST_A] RX bit=1
[tick=35100] [HOST_A] RX bit=0
[tick=35100] [HOST_A] RX complete frame=0101000000001010
[tick=35100] [HOST_A] received corrupt ACK/NACK (status=PE); retransmitting segment 4
[tick=35200] [HOST_A] TX bit=0
[tick=35300] [HOST_A] TX bit=1
[tick=35400] [HOST_A] TX bit=0
[tick=35500] [HOST_A] TX bit=0
[tick=35600] [HOST_A] TX bit=1
[tick=35700] [HOST_A] TX bit=0
[tick=35800] [HOST_A] TX bit=0
[tick=35900] [HOST_A] TX bit=0
[tick=36000] [HOST_A] TX bit=0
[tick=36100] [HOST_A] TX bit=0
[tick=36200] [HOST_A] TX bit=1
[tick=36300] [HOST_A] TX bit=0
[tick=36400] [HOST_A] TX bit=1
[tick=36500] [HOST_A] TX bit=0
[tick=36600] [HOST_A] TX bit=1
[tick=36700] [HOST_A] TX bit=0
[tick=36800] [HOST_A] RX bit=True
[tick=36900] [HOST_A] RX bit=1
[tick=37000] [HOST_A] RX bit=0
[tick=37100] [HOST_A] RX bit=1
[tick=37200] [HOST_A] RX bit=1
[tick=37300] [HOST_A] RX bit=0
[tick=37400] [HOST_A] RX bit=0
[tick=37500] [HOST_A] RX bit=True
[tick=37600] [HOST_A] RX bit=0
[tick=37700] [HOST_A] RX bit=0
[tick=37800] [HOST_A] RX bit=0
[tick=37900] [HOST_A] RX bit=0
[tick=38000] [HOST_A] RX bit=1
[tick=38100] [HOST_A] RX bit=0
[tick=38200] [HOST_A] RX bit=1
[tick=38300] [HOST_A] RX bit=0
[tick=38300] [HOST_A] RX complete frame=0101000010011011
[tick=38300] [HOST_A] received corrupt ACK/NACK (status=FE); retransmitting segment 4
[tick=38400] [HOST_A] TX bit=0
[tick=38500] [HOST_A] TX bit=1
[tick=38600] [HOST_A] TX bit=0
[tick=38700] [HOST_A] TX bit=0
[tick=38800] [HOST_A] TX bit=1
[tick=38900] [HOST_A] TX bit=0
[tick=39000] [HOST_A] TX bit=0
[tick=39100] [HOST_A] TX bit=0
[tick=39200] [HOST_A] TX bit=0
[tick=39300] [HOST_A] TX bit=0
[tick=39400] [HOST_A] TX bit=1
[tick=39500] [HOST_A] TX bit=0
[tick=39600] [HOST_A] TX bit=1
[tick=39700] [HOST_A] TX bit=0
[tick=39800] [HOST_A] TX bit=1
[tick=39900] [HOST_A] TX bit=0
[tick=40000] [HOST_A] RX bit=0
[tick=40100] [HOST_A] RX bit=1
[tick=40200] [HOST_A] RX bit=0
[tick=40300] [HOST_A] RX bit=1
[tick=40400] [HOST_A] RX bit=0
[tick=40500] [HOST_A] RX bit=1
[tick=40600] [HOST_A] RX bit=0
[tick=40700] [HOST_A] RX bit=0
[tick=40800] [HOST_A] RX bit=0
[tick=40900] [HOST_A] RX bit=0
[tick=41000] [HOST_A] RX bit=0
[tick=41100] [HOST_A] RX bit=0
[tick=41200] [HOST_A] RX bit=1
[tick=41300] [HOST_A] RX bit=0
[tick=41400] [HOST_A] RX bit=1
[tick=41500] [HOST_A] RX bit=0
[tick=41500] [HOST_A] RX complete frame=0101000000101010
[tick=41500] [HOST_A] received NACK for segment 4; retransmitting
[tick=41600] [HOST_A] TX bit=0
[tick=41700] [HOST_A] TX bit=1
[tick=41800] [HOST_A] TX bit=0
[tick=41900] [HOST_A] TX bit=0
[tick=42000] [HOST_A] TX bit=1
[tick=42100] [HOST_A] TX bit=0
[tick=42200] [HOST_A] TX bit=0
[tick=42300] [HOST_A] TX bit=0
[tick=42400] [HOST_A] TX bit=0
[tick=42500] [HOST_A] TX bit=0
[tick=42600] [HOST_A] TX bit=1
[tick=42700] [HOST_A] TX bit=0
[tick=42800] [HOST_A] TX bit=1
[tick=42900] [HOST_A] TX bit=0
[tick=43000] [HOST_A] TX bit=1
[tick=43100] [HOST_A] TX bit=0
[tick=43200] [HOST_A] RX bit=0
[tick=43300] [HOST_A] RX bit=1
[tick=43400] [HOST_A] RX bit=0
[tick=43500] [HOST_A] RX bit=1
[tick=43600] [HOST_A] RX bit=1
[tick=43700] [HOST_A] RX bit=0
[tick=43800] [HOST_A] RX bit=0
[tick=43900] [HOST_A] RX bit=0
[tick=44000] [HOST_A] RX bit=0
[tick=44100] [HOST_A] RX bit=0
[tick=44200] [HOST_A] RX bit=0
[tick=44300] [HOST_A] RX bit=0
[tick=44400] [HOST_A] RX bit=1
[tick=44500] [HOST_A] RX bit=0
[tick=44600] [HOST_A] RX bit=1
[tick=44700] [HOST_A] RX bit=0
[tick=44700] [HOST_A] RX complete frame=0101000000011010
[tick=44700] [HOST_A] received ACK for segment 4
[tick=44800] [HOST_A] TX bit=0
[tick=44900] [HOST_A] TX bit=1
[tick=45000] [HOST_A] TX bit=0
[tick=45100] [HOST_A] TX bit=1
[tick=45200] [HOST_A] TX bit=0
[tick=45300] [HOST_A] TX bit=1
[tick=45400] [HOST_A] TX bit=1
[tick=45500] [HOST_A] TX bit=1
[tick=45600] [HOST_A] TX bit=0
[tick=45700] [HOST_A] TX bit=1
[tick=45800] [HOST_A] TX bit=1
[tick=45900] [HOST_A] TX bit=0
[tick=46000] [HOST_A] TX bit=1
[tick=46100] [HOST_A] TX bit=0
[tick=46200] [HOST_A] TX bit=1
[tick=46300] [HOST_A] TX bit=0
[tick=46400] [HOST_A] RX bit=True
[tick=46500] [HOST_A] RX bit=1
[tick=46600] [HOST_A] RX bit=0
[tick=46700] [HOST_A] RX bit=1
[tick=46800] [HOST_A] RX bit=1
[tick=46900] [HOST_A] RX bit=0
[tick=47000] [HOST_A] RX bit=0
[tick=47100] [HOST_A] RX bit=0
[tick=47200] [HOST_A] RX bit=0
[tick=47300] [HOST_A] RX bit=0
[tick=47400] [HOST_A] RX bit=0
[tick=47500] [HOST_A] RX bit=0
[tick=47600] [HOST_A] RX bit=1
[tick=47700] [HOST_A] RX bit=True
[tick=47800] [HOST_A] RX bit=1
[tick=47900] [HOST_A] RX bit=0
[tick=47900] [HOST_A] RX complete frame=0111000000011011
[tick=47900] [HOST_A] received corrupt ACK/NACK (status=FE); retransmitting segment 5
[tick=48000] [HOST_A] TX bit=0
[tick=48100] [HOST_A] TX bit=1
[tick=48200] [HOST_A] TX bit=0
[tick=48300] [HOST_A] TX bit=1
[tick=48400] [HOST_A] TX bit=0
[tick=48500] [HOST_A] TX bit=1
[tick=48600] [HOST_A] TX bit=1
[tick=48700] [HOST_A] TX bit=1
[tick=48800] [HOST_A] TX bit=0
[tick=48900] [HOST_A] TX bit=1
[tick=49000] [HOST_A] TX bit=1
[tick=49100] [HOST_A] TX bit=0
[tick=49200] [HOST_A] TX bit=1
[tick=49300] [HOST_A] TX bit=0
[tick=49400] [HOST_A] TX bit=1
[tick=49500] [HOST_A] TX bit=0
[tick=49600] [HOST_A] RX bit=0
[tick=49700] [HOST_A] RX bit=1
[tick=49800] [HOST_A] RX bit=0
[tick=49900] [HOST_A] RX bit=1
[tick=50000] [HOST_A] RX bit=1
[tick=50100] [HOST_A] RX bit=0
[tick=50200] [HOST_A] RX bit=0
[tick=50300] [HOST_A] RX bit=0
[tick=50400] [HOST_A] RX bit=0
[tick=50500] [HOST_A] RX bit=0
[tick=50600] [HOST_A] RX bit=0
[tick=50700] [HOST_A] RX bit=0
[tick=50800] [HOST_A] RX bit=1
[tick=50900] [HOST_A] RX bit=0
[tick=51000] [HOST_A] RX bit=1
[tick=51100] [HOST_A] RX bit=0
[tick=51100] [HOST_A] RX complete frame=0101000000011010
[tick=51100] [HOST_A] received ACK for segment 5
[tick=51200] [HOST_A] TX bit=0
[tick=51300] [HOST_A] TX bit=1
[tick=51400] [HOST_A] TX bit=0
[tick=51500] [HOST_A] TX bit=0
[tick=51600] [HOST_A] TX bit=1
[tick=51700] [HOST_A] TX bit=0
[tick=51800] [HOST_A] TX bit=1
[tick=51900] [HOST_A] TX bit=1
[tick=52000] [HOST_A] TX bit=0
[tick=52100] [HOST_A] TX bit=1
[tick=52200] [HOST_A] TX bit=0
[tick=52300] [HOST_A] TX bit=0
[tick=52400] [HOST_A] TX bit=1
[tick=52500] [HOST_A] TX bit=0
[tick=52600] [HOST_A] TX bit=1
[tick=52700] [HOST_A] TX bit=0
[tick=52800] [HOST_A] RX bit=0
[tick=52900] [HOST_A] RX bit=1
[tick=53000] [HOST_A] RX bit=0
[tick=53100] [HOST_A] RX bit=1
[tick=53200] [HOST_A] RX bit=False
[tick=53300] [HOST_A] RX bit=0
[tick=53400] [HOST_A] RX bit=0
[tick=53500] [HOST_A] RX bit=0
[tick=53600] [HOST_A] RX bit=0
[tick=53700] [HOST_A] RX bit=0
[tick=53800] [HOST_A] RX bit=0
[tick=53900] [HOST_A] RX bit=0
[tick=54000] [HOST_A] RX bit=1
[tick=54100] [HOST_A] RX bit=0
[tick=54200] [HOST_A] RX bit=1
[tick=54300] [HOST_A] RX bit=0
[tick=54300] [HOST_A] RX complete frame=0101000000001010
[tick=54300] [HOST_A] received corrupt ACK/NACK (status=PE); retransmitting segment 6
[tick=54400] [HOST_A] TX bit=0
[tick=54500] [HOST_A] TX bit=1
[tick=54600] [HOST_A] TX bit=0
[tick=54700] [HOST_A] TX bit=0
[tick=54800] [HOST_A] TX bit=1
[tick=54900] [HOST_A] TX bit=0
[tick=55000] [HOST_A] TX bit=1
[tick=55100] [HOST_A] TX bit=1
[tick=55200] [HOST_A] TX bit=0
[tick=55300] [HOST_A] TX bit=1
[tick=55400] [HOST_A] TX bit=0
[tick=55500] [HOST_A] TX bit=0
[tick=55600] [HOST_A] TX bit=1
[tick=55700] [HOST_A] TX bit=0
[tick=55800] [HOST_A] TX bit=1
[tick=55900] [HOST_A] TX bit=0
[tick=56000] [HOST_A] RX bit=0
[tick=56100] [HOST_A] RX bit=1
[tick=56200] [HOST_A] RX bit=0
[tick=56300] [HOST_A] RX bit=1
[tick=56400] [HOST_A] RX bit=1
[tick=56500] [HOST_A] RX bit=0
[tick=56600] [HOST_A] RX bit=0
[tick=56700] [HOST_A] RX bit=0
[tick=56800] [HOST_A] RX bit=0
[tick=56900] [HOST_A] RX bit=0
[tick=57000] [HOST_A] RX bit=0
[tick=57100] [HOST_A] RX bit=0
[tick=57200] [HOST_A] RX bit=1
[tick=57300] [HOST_A] RX bit=0
[tick=57400] [HOST_A] RX bit=1
[tick=57500] [HOST_A] RX bit=0
[tick=57500] [HOST_A] RX complete frame=0101000000011010
[tick=57500] [HOST_A] received ACK for segment 6
[tick=57600] [HOST_A] TX bit=0
[tick=57700] [HOST_A] TX bit=1
[tick=57800] [HOST_A] TX bit=0
[tick=57900] [HOST_A] TX bit=1
[tick=58000] [HOST_A] TX bit=0
[tick=58100] [HOST_A] TX bit=0
[tick=58200] [HOST_A] TX bit=1
[tick=58300] [HOST_A] TX bit=0
[tick=58400] [HOST_A] TX bit=1
[tick=58500] [HOST_A] TX bit=0
[tick=58600] [HOST_A] TX bit=1
[tick=58700] [HOST_A] TX bit=0
[tick=58800] [HOST_A] TX bit=1
[tick=58900] [HOST_A] TX bit=0
[tick=59000] [HOST_A] TX bit=1
[tick=59100] [HOST_A] TX bit=0
[tick=59200] [HOST_A] RX bit=0
[tick=59300] [HOST_A] RX bit=1
[tick=59400] [HOST_A] RX bit=0
[tick=59500] [HOST_A] RX bit=1
[tick=59600] [HOST_A] RX bit=1
[tick=59700] [HOST_A] RX bit=0
[tick=59800] [HOST_A] RX bit=0
[tick=59900] [HOST_A] RX bit=True
[tick=60000] [HOST_A] RX bit=0
[tick=60100] [HOST_A] RX bit=0
[tick=60200] [HOST_A] RX bit=0
[tick=60300] [HOST_A] RX bit=0
[tick=60400] [HOST_A] RX bit=1
[tick=60500] [HOST_A] RX bit=0
[tick=60600] [HOST_A] RX bit=1
[tick=60700] [HOST_A] RX bit=0
[tick=60700] [HOST_A] RX complete frame=0101000010011010
[tick=60700] [HOST_A] received corrupt ACK/NACK (status=PE); retransmitting segment 7
[tick=60800] [HOST_A] TX bit=0
[tick=60900] [HOST_A] TX bit=1
[tick=61000] [HOST_A] TX bit=0
[tick=61100] [HOST_A] TX bit=1
[tick=61200] [HOST_A] TX bit=0
[tick=61300] [HOST_A] TX bit=0
[tick=61400] [HOST_A] TX bit=1
[tick=61500] [HOST_A] TX bit=0
[tick=61600] [HOST_A] TX bit=1
[tick=61700] [HOST_A] TX bit=0
[tick=61800] [HOST_A] TX bit=1
[tick=61900] [HOST_A] TX bit=0
[tick=62000] [HOST_A] TX bit=1
[tick=62100] [HOST_A] TX bit=0
[tick=62200] [HOST_A] TX bit=1
[tick=62300] [HOST_A] TX bit=0
[tick=62400] [HOST_A] RX bit=True
[tick=62500] [HOST_A] RX bit=1
[tick=62600] [HOST_A] RX bit=0
[tick=62700] [HOST_A] RX bit=1
[tick=62800] [HOST_A] RX bit=1
[tick=62900] [HOST_A] RX bit=0
[tick=63000] [HOST_A] RX bit=0
[tick=63100] [HOST_A] RX bit=0
[tick=63200] [HOST_A] RX bit=0
[tick=63300] [HOST_A] RX bit=0
[tick=63400] [HOST_A] RX bit=0
[tick=63500] [HOST_A] RX bit=0
[tick=63600] [HOST_A] RX bit=1
[tick=63700] [HOST_A] RX bit=0
[tick=63800] [HOST_A] RX bit=1
[tick=63900] [HOST_A] RX bit=0
[tick=63900] [HOST_A] RX complete frame=0101000000011011
[tick=63900] [HOST_A] received corrupt ACK/NACK (status=FE); retransmitting segment 7
[tick=64000] [HOST_A] TX bit=0
[tick=64100] [HOST_A] TX bit=1
[tick=64200] [HOST_A] TX bit=0
[tick=64300] [HOST_A] TX bit=1
[tick=64400] [HOST_A] TX bit=0
[tick=64500] [HOST_A] TX bit=0
[tick=64600] [HOST_A] TX bit=1
[tick=64700] [HOST_A] TX bit=0
[tick=64800] [HOST_A] TX bit=1
[tick=64900] [HOST_A] TX bit=0
[tick=65000] [HOST_A] TX bit=1
[tick=65100] [HOST_A] TX bit=0
[tick=65200] [HOST_A] TX bit=1
[tick=65300] [HOST_A] TX bit=0
[tick=65400] [HOST_A] TX bit=1
[tick=65500] [HOST_A] TX bit=0
[tick=65600] [HOST_A] RX bit=0
[tick=65700] [HOST_A] RX bit=1
[tick=65800] [HOST_A] RX bit=0
[tick=65900] [HOST_A] RX bit=1
[tick=66000] [HOST_A] RX bit=0
[tick=66100] [HOST_A] RX bit=1
[tick=66200] [HOST_A] RX bit=0
[tick=66300] [HOST_A] RX bit=0
[tick=66400] [HOST_A] RX bit=0
[tick=66500] [HOST_A] RX bit=0
[tick=66600] [HOST_A] RX bit=0
[tick=66700] [HOST_A] RX bit=0
[tick=66800] [HOST_A] RX bit=1
[tick=66900] [HOST_A] RX bit=0
[tick=67000] [HOST_A] RX bit=1
[tick=67100] [HOST_A] RX bit=0
[tick=67100] [HOST_A] RX complete frame=0101000000101010
[tick=67100] [HOST_A] received NACK for segment 7; retransmitting
[tick=67200] [HOST_A] TX bit=0
[tick=67300] [HOST_A] TX bit=1
[tick=67400] [HOST_A] TX bit=0
[tick=67500] [HOST_A] TX bit=1
[tick=67600] [HOST_A] TX bit=0
[tick=67700] [HOST_A] TX bit=0
[tick=67800] [HOST_A] TX bit=1
[tick=67900] [HOST_A] TX bit=0
[tick=68000] [HOST_A] TX bit=1
[tick=68100] [HOST_A] TX bit=0
[tick=68200] [HOST_A] TX bit=1
[tick=68300] [HOST_A] TX bit=0
[tick=68400] [HOST_A] TX bit=1
[tick=68500] [HOST_A] TX bit=0
[tick=68600] [HOST_A] TX bit=1
[tick=68700] [HOST_A] TX bit=0
[tick=68800] [HOST_A] RX bit=0
[tick=68900] [HOST_A] RX bit=1
[tick=69000] [HOST_A] RX bit=0
[tick=69100] [HOST_A] RX bit=1
[tick=69200] [HOST_A] RX bit=0
[tick=69300] [HOST_A] RX bit=False
[tick=69400] [HOST_A] RX bit=0
[tick=69500] [HOST_A] RX bit=True
[tick=69600] [HOST_A] RX bit=0
[tick=69700] [HOST_A] RX bit=0
[tick=69800] [HOST_A] RX bit=0
[tick=69900] [HOST_A] RX bit=0
[tick=70000] [HOST_A] RX bit=1
[tick=70100] [HOST_A] RX bit=0
[tick=70200] [HOST_A] RX bit=1
[tick=70300] [HOST_A] RX bit=0
[tick=70300] [HOST_A] RX complete frame=0101000010001010
[tick=70300] [HOST_A] received unknown feedback 8; retransmitting segment 7
[tick=70400] [HOST_A] TX bit=0
[tick=70500] [HOST_A] TX bit=1
[tick=70600] [HOST_A] TX bit=0
[tick=70700] [HOST_A] TX bit=1
[tick=70800] [HOST_A] TX bit=0
[tick=70900] [HOST_A] TX bit=0
[tick=71000] [HOST_A] TX bit=1
[tick=71100] [HOST_A] TX bit=0
[tick=71200] [HOST_A] TX bit=1
[tick=71300] [HOST_A] TX bit=0
[tick=71400] [HOST_A] TX bit=1
[tick=71500] [HOST_A] TX bit=0
[tick=71600] [HOST_A] TX bit=1
[tick=71700] [HOST_A] TX bit=0
[tick=71800] [HOST_A] TX bit=1
[tick=71900] [HOST_A] TX bit=0
[tick=72000] [HOST_A] RX bit=0
[tick=72100] [HOST_A] RX bit=1
[tick=72200] [HOST_A] RX bit=0
[tick=72300] [HOST_A] RX bit=1
[tick=72400] [HOST_A] RX bit=1
[tick=72500] [HOST_A] RX bit=0
[tick=72600] [HOST_A] RX bit=0
[tick=72700] [HOST_A] RX bit=0
[tick=72800] [HOST_A] RX bit=0
[tick=72900] [HOST_A] RX bit=0
[tick=73000] [HOST_A] RX bit=0
[tick=73100] [HOST_A] RX bit=0
[tick=73200] [HOST_A] RX bit=1
[tick=73300] [HOST_A] RX bit=0
[tick=73400] [HOST_A] RX bit=1
[tick=73500] [HOST_A] RX bit=0
[tick=73500] [HOST_A] RX complete frame=0101000000011010
[tick=73500] [HOST_A] received ACK for segment 7
